
Memory Configuration

Name             Origin             Length             Attributes
ROM              0x08000000         0x00010000         xr
RAM              0x20000000         0x00005000         xrw
*default*        0x00000000         0xffffffff

Linker script and memory map

LOAD crt0.o
LOAD C:\CodeSourcery\Sourcery G++ Lite/arm-none-eabi/lib/thumb2\libm.a
LOAD C:\CodeSourcery\Sourcery G++ Lite/arm-none-eabi/lib/thumb2\libc.a
LOAD C:\CodeSourcery\Sourcery G++ Lite/lib/gcc/arm-none-eabi/4.8.1/thumb2\libgcc.a

.text           0x08000000       0x18
                0x08000000                __RO_BASE__ = .
 crt0.o(.text)
 .text          0x08000000       0x18 crt0.o
                0x08000008                __start
 *(.text)
                0x08000018                . = ALIGN (0x4)

.glue_7         0x08000018        0x0
 .glue_7        0x00000000        0x0 linker stubs

.glue_7t        0x08000018        0x0
 .glue_7t       0x00000000        0x0 linker stubs

.vfp11_veneer   0x08000018        0x0
 .vfp11_veneer  0x00000000        0x0 linker stubs

.v4_bx          0x08000018        0x0
 .v4_bx         0x00000000        0x0 linker stubs

.iplt           0x08000018        0x0
 .iplt          0x00000000        0x0 crt0.o

.rel.dyn        0x08000018        0x0
 .rel.iplt      0x00000000        0x0 crt0.o

.ARM.extab      0x08000018        0x0
 *(.ARM.extab* .gnu.linkonce.armextab.*)
                0x08000018                . = ALIGN (0x4)

.ARM.exidx      0x08000018        0x0
 *(.ARM.exidx* .gnu.linkonce.armexidx.*)
                0x08000018                . = ALIGN (0x4)

.rodata         0x08000018        0x0
 *(.rodata)
 *(.rodata.*)
                0x08000018                . = ALIGN (0x8)
                0x08000018                __RO_LIMIT__ = .

.data           0x20000000        0x0 load address 0x08000018
                0x20000000                __RW_BASE__ = .
 *(.data)
 .data          0x20000000        0x0 crt0.o
 *(.data.*)
                0x20000000                . = ALIGN (0x4)
                0x20000000                __RW_LIMIT__ = .
                0x00000000                __RW_SIZE__ = SIZEOF (.data)
                0x08000018                __RW_LOAD_ADDR__ = LOADADDR (.data)

.igot.plt       0x20000000        0x0 load address 0x08000018
 .igot.plt      0x00000000        0x0 crt0.o

.bss            0x20000000        0x0 load address 0x08000018
                0x20000000                __ZI_BASE__ = .
 *(.bss)
 .bss           0x20000000        0x0 crt0.o
 *(.bss.*)
                0x20000000                . = ALIGN (0x4)
                0x20000000                __ZI_LIMIT__ = .
                0x00000000                __ZI_SIZE__ = SIZEOF (.bss)
OUTPUT(rom_0x08000000.elf elf32-littlearm)

.ARM.attributes
                0x00000000       0x21
 .ARM.attributes
                0x00000000       0x21 crt0.o

.debug_line     0x00000000       0x3d
 .debug_line    0x00000000       0x3d crt0.o

.debug_info     0x00000000       0x72
 .debug_info    0x00000000       0x72 crt0.o

.debug_abbrev   0x00000000       0x14
 .debug_abbrev  0x00000000       0x14 crt0.o

.debug_aranges  0x00000000       0x20
 .debug_aranges
                0x00000000       0x20 crt0.o

Cross Reference Table

Symbol                                            File
__start                                           crt0.o
